[    0.000000] Linux version 6.19.0-thor_kernel-g623fb9912f6a-dirty (root@ftlinux) (gcc (GCC) 15.2.0, GNU ld (GNU Binutils) 2.45) #1 SMP PREEMPT_DYNAMIC Fri Jan  9 11:29:10 CET 2026
[    0.000000] Command line: BOOT_IMAGE=/boot/vmlinuz-6.19.0-thor-kernel root=/dev/sda3 ro
[    0.000000] BIOS-provided physical RAM map:
[    0.000000] BIOS-e820: [mem 0x0000000000000000-0x000000000009ffff] usable
[    0.000000] BIOS-e820: [mem 0x0000000000100000-0x00000000de153fff] usable
[    0.000000] BIOS-e820: [mem 0x00000000de154000-0x00000000de19cfff] reserved
[    0.000000] BIOS-e820: [mem 0x00000000de19d000-0x00000000deceefff] usable
[    0.000000] BIOS-e820: [mem 0x00000000decef000-0x00000000def6efff] reserved
[    0.000000] BIOS-e820: [mem 0x00000000def6f000-0x00000000def7efff] ACPI data
[    0.000000] BIOS-e820: [mem 0x00000000def7f000-0x00000000deffefff] ACPI NVS
[    0.000000] BIOS-e820: [mem 0x00000000defff000-0x00000000df36afff] usable
[    0.000000] BIOS-e820: [mem 0x00000000df36b000-0x00000000dffeffff] reserved
[    0.000000] BIOS-e820: [mem 0x00000000ffc00000-0x00000000ffffffff] reserved
[    0.000000] BIOS-e820: [mem 0x0000000100000000-0x000000021fffffff] usable
[    0.000000] NX (Execute Disable) protection: active
[    0.000000] APIC: Static calls initialized
[    0.000000] efi: EFI v2.7 by EDK II
[    0.000000] efi: ACPI=0xdef7e000 ACPI 2.0=0xdef7e014 SMBIOS=0xdeffd000 
[    0.000000] efi: Remove mem119: MMIO range=[0xffc00000-0xffffffff] (4MB) from e820 map
[    0.000000] e820: remove [mem 0xffc00000-0xffffffff] reserved
[    0.000000] SMBIOS 2.5 present.
[    0.000000] DMI: innotek GmbH VirtualBox/VirtualBox, BIOS VirtualBox 12/01/2006
[    0.000000] DMI: Memory slots populated: 0/0
[    0.000000] Hypervisor detected: KVM
[    0.000000] last_pfn = 0xdf36b max_arch_pfn = 0x400000000
[    0.000000] kvm-clock: Using msrs 4b564d01 and 4b564d00
[    0.000000] kvm-clock: using sched offset of 4631835682 cycles
[    0.000002] clocksource: kvm-clock: mask: 0xffffffffffffffff max_cycles: 0x1cd42e4dffb, max_idle_ns: 881590591483 ns
[    0.000004] tsc: Detected 2111.998 MHz processor
[    0.000359] e820: update [mem 0x00000000-0x00000fff] usable ==> reserved
[    0.000361] e820: remove [mem 0x000a0000-0x000fffff] usable
[    0.000363] last_pfn = 0x220000 max_arch_pfn = 0x400000000
[    0.000367] MTRRs disabled by BIOS
[    0.000368] x86/PAT: Configuration [0-7]: WB  WC  UC- UC  WB  WP  UC- WT  
[    0.000372] last_pfn = 0xdf36b max_arch_pfn = 0x400000000
[    0.000391] found SMP MP-table at [mem 0x0009fff0-0x0009ffff]
[    0.000765] Secure boot disabled
[    0.000766] ACPI: Early table checksum verification disabled
[    0.000768] ACPI: RSDP 0x00000000DEF7E014 000024 (v02 VBOX  )
[    0.000771] ACPI: XSDT 0x00000000DEF7D0E8 000044 (v01 VBOX   VBOXFACP 00000001      01000013)
[    0.000774] ACPI: FACP 0x00000000DEF79000 0000F4 (v04 VBOX   VBOXFACP 00000001 ASL  00000061)
[    0.000776] ACPI: DSDT 0x00000000DEF7A000 002353 (v02 VBOX   VBOXBIOS 00000002 INTL 20200925)
[    0.000778] ACPI: FACS 0x00000000DEFFE000 000040
[    0.000779] ACPI: APIC 0x00000000DEF78000 0000AC (v02 VBOX   VBOXAPIC 00000001 ASL  00000061)
[    0.000780] ACPI: SSDT 0x00000000DEF77000 00036C (v01 VBOX   VBOXCPUT 00000002 INTL 20200925)
[    0.000781] ACPI: BGRT 0x00000000DEF76000 000038 (v01 INTEL  EDK2     00000002      01000013)
[    0.000782] ACPI: Reserving FACP table memory at [mem 0xdef79000-0xdef790f3]
[    0.000783] ACPI: Reserving DSDT table memory at [mem 0xdef7a000-0xdef7c352]
[    0.000783] ACPI: Reserving FACS table memory at [mem 0xdeffe000-0xdeffe03f]
[    0.000784] ACPI: Reserving APIC table memory at [mem 0xdef78000-0xdef780ab]
[    0.000784] ACPI: Reserving SSDT table memory at [mem 0xdef77000-0xdef7736b]
[    0.000784] ACPI: Reserving BGRT table memory at [mem 0xdef76000-0xdef76037]
[    0.000884] No NUMA configuration found
[    0.000884] Faking a node at [mem 0x0000000000000000-0x000000021fffffff]
[    0.000886] NODE_DATA(0) allocated [mem 0x21fff8900-0x21fffbfff]
[    0.000894] Zone ranges:
[    0.000894]   DMA      [mem 0x0000000000001000-0x0000000000ffffff]
[    0.000895]   DMA32    [mem 0x0000000001000000-0x00000000ffffffff]
[    0.000895]   Normal   [mem 0x0000000100000000-0x000000021fffffff]
[    0.000896] Movable zone start for each node
[    0.000896] Early memory node ranges
[    0.000897]   node   0: [mem 0x0000000000001000-0x000000000009ffff]
[    0.000897]   node   0: [mem 0x0000000000100000-0x00000000de153fff]
[    0.000898]   node   0: [mem 0x00000000de19d000-0x00000000deceefff]
[    0.000898]   node   0: [mem 0x00000000defff000-0x00000000df36afff]
[    0.000898]   node   0: [mem 0x0000000100000000-0x000000021fffffff]
[    0.000899] Initmem setup node 0 [mem 0x0000000000001000-0x000000021fffffff]
[    0.001132] On node 0, zone DMA: 1 pages in unavailable ranges
[    0.001147] On node 0, zone DMA: 96 pages in unavailable ranges
[    0.009629] On node 0, zone DMA32: 73 pages in unavailable ranges
[    0.009635] On node 0, zone DMA32: 784 pages in unavailable ranges
[    0.021417] On node 0, zone Normal: 3221 pages in unavailable ranges
[    0.021639] ACPI: PM-Timer IO Port: 0xb008
[    0.021673] IOAPIC[0]: apic_id 12, version 32, address 0xfec00000, GSI 0-23
[    0.021675] ACPI: INT_SRC_OVR (bus 0 bus_irq 0 global_irq 2 dfl dfl)
[    0.021676] ACPI: INT_SRC_OVR (bus 0 bus_irq 9 global_irq 9 low level)
[    0.021678] ACPI: Using ACPI (MADT) for SMP configuration information
[    0.021684] e820: update [mem 0xdd819000-0xdd833fff] usable ==> reserved
[    0.021691] CPU topo: Max. logical packages:   1
[    0.021692] CPU topo: Max. logical dies:       1
[    0.021692] CPU topo: Max. dies per package:   1
[    0.021693] CPU topo: Max. threads per core:   1
[    0.021694] CPU topo: Num. cores per package:    12
[    0.021694] CPU topo: Num. threads per package:  12
[    0.021694] CPU topo: Allowing 12 present CPUs plus 0 hotplug CPUs
[    0.021707] PM: hibernation: Registered nosave memory: [mem 0x00000000-0x00000fff]
[    0.021708] PM: hibernation: Registered nosave memory: [mem 0x000a0000-0x000fffff]
[    0.021708] PM: hibernation: Registered nosave memory: [mem 0xdd819000-0xdd833fff]
[    0.021709] PM: hibernation: Registered nosave memory: [mem 0xde154000-0xde19cfff]
[    0.021709] PM: hibernation: Registered nosave memory: [mem 0xdecef000-0xdeffefff]
[    0.021710] PM: hibernation: Registered nosave memory: [mem 0xdf36b000-0xffffffff]
[    0.021711] [mem 0xdfff0000-0xffffffff] available for PCI devices
[    0.021712] Booting paravirtualized kernel on KVM
[    0.021713] clocksource: refined-jiffies: mask: 0xffffffff max_cycles: 0xffffffff, max_idle_ns: 1910969940391419 ns
[    0.025677] setup_percpu: NR_CPUS:64 nr_cpumask_bits:12 nr_cpu_ids:12 nr_node_ids:1
[    0.026330] percpu: Embedded 52 pages/cpu s175000 r8192 d29800 u262144
[    0.026332] pcpu-alloc: s175000 r8192 d29800 u262144 alloc=1*2097152
[    0.026334] pcpu-alloc: [0] 00 01 02 03 04 05 06 07 [0] 08 09 10 11 -- -- -- -- 
[    0.026348] Kernel command line: BOOT_IMAGE=/boot/vmlinuz-6.19.0-thor-kernel root=/dev/sda3 ro
[    0.026365] random: crng init done
[    0.026365] printk: log buffer data + meta data: 262144 + 917504 = 1179648 bytes
[    0.027505] Dentry cache hash table entries: 1048576 (order: 11, 8388608 bytes, linear)
[    0.028069] Inode-cache hash table entries: 524288 (order: 10, 4194304 bytes, linear)
[    0.028166] software IO TLB: area num 16.
[    0.042350] Fallback order for Node 0: 0 
[    0.042354] Built 1 zonelists, mobility grouping on.  Total pages: 2092977
[    0.042354] Policy zone: Normal
[    0.042356] mem auto-init: stack:all(zero), heap alloc:off, heap free:off
[    0.056675] SLUB: HWalign=64, Order=0-3, MinObjects=0, CPUs=12, Nodes=1
[    0.056686] Kernel/User page tables isolation: enabled
[    0.057525] Dynamic Preempt: voluntary
[    0.057780] rcu: Preemptible hierarchical RCU implementation.
[    0.057781] rcu: 	RCU event tracing is enabled.
[    0.057781] rcu: 	RCU restricting CPUs from NR_CPUS=64 to nr_cpu_ids=12.
[    0.057782] 	Trampoline variant of Tasks RCU enabled.
[    0.057783] 	Tracing variant of Tasks RCU enabled.
[    0.057783] rcu: RCU calculated value of scheduler-enlistment delay is 100 jiffies.
[    0.057784] rcu: Adjusting geometry for rcu_fanout_leaf=16, nr_cpu_ids=12
[    0.057791] RCU Tasks: Setting shift to 4 and lim to 1 rcu_task_cb_adjust=1 rcu_task_cpu_ids=12.
[    0.057792] RCU Tasks Trace: Setting shift to 4 and lim to 1 rcu_task_cb_adjust=1 rcu_task_cpu_ids=12.
[    0.059411] NR_IRQS: 4352, nr_irqs: 520, preallocated irqs: 16
[    0.059574] rcu: srcu_init: Setting srcu_struct sizes based on contention.
[    0.059999] Console: colour dummy device 80x25
[    0.060001] printk: legacy console [tty0] enabled
[    0.060082] ACPI: Core revision 20250807
[    0.060138] APIC: Switch to symmetric I/O mode setup
[    0.060324] x2apic enabled
[    0.060538] APIC: Switched APIC routing to: physical x2apic
[    0.061384] ..TIMER: vector=0x30 apic1=0 pin1=2 apic2=-1 pin2=-1
[    0.061411] clocksource: tsc-early: mask: 0xffffffffffffffff max_cycles: 0x1e71768ef8b, max_idle_ns: 440795218977 ns
[    0.061416] Calibrating delay loop (skipped) preset value.. 4223.99 BogoMIPS (lpj=2111998)
[    0.061512] Last level iTLB entries: 4KB 0, 2MB 0, 4MB 0
[    0.061514] Last level dTLB entries: 4KB 0, 2MB 0, 4MB 0, 1GB 0
[    0.061518] mitigations: Enabled attack vectors: user_kernel, user_user, SMT mitigations: auto
[    0.061520] Speculative Store Bypass: Vulnerable
[    0.061522] Spectre V2 : Mitigation: Retpolines
[    0.061522] ITS: Mitigation: Aligned branch/return thunks
[    0.061524] MDS: Mitigation: Clear CPU buffers
[    0.061525] Spectre V1 : Mitigation: usercopy/swapgs barriers and __user pointer sanitization
[    0.061526] Spectre V2 : Spectre v2 / SpectreRSB: Filling RSB on context switch and VMEXIT
[    0.061528] active return thunk: its_return_thunk
[    0.061541] x86/fpu: Supporting XSAVE feature 0x001: 'x87 floating point registers'
[    0.061543] x86/fpu: Supporting XSAVE feature 0x002: 'SSE registers'
[    0.061544] x86/fpu: Supporting XSAVE feature 0x004: 'AVX registers'
[    0.061545] x86/fpu: xstate_offset[2]:  576, xstate_sizes[2]:  256
[    0.061546] x86/fpu: Enabled xstate features 0x7, context size is 832 bytes, using 'standard' format.
[    0.075251] Freeing SMP alternatives memory: 56K
[    0.075259] pid_max: default: 32768 minimum: 301
[    0.075290] SELinux:  Initializing.
[    0.075389] Mount-cache hash table entries: 16384 (order: 5, 131072 bytes, linear)
[    0.075400] Mountpoint-cache hash table entries: 16384 (order: 5, 131072 bytes, linear)
[    0.177575] smpboot: CPU0: 12th Gen Intel(R) Core(TM) i7-12700 (family: 0x6, model: 0x97, stepping: 0x2)
[    0.177677] Performance Events: unsupported CPU family 6 model 151 no PMU driver, software events only.
[    0.177697] signal: max sigframe size: 1776
[    0.177708] rcu: Hierarchical SRCU implementation.
[    0.177709] rcu: 	Max phase no-delay instances is 400.
[    0.177727] Timer migration: 2 hierarchy levels; 8 children per group; 2 crossnode level
[    0.181013] smp: Bringing up secondary CPUs ...
[    0.181059] smpboot: x86: Booting SMP configuration:
[    0.181061] .... node  #0, CPUs:        #1  #2  #3  #4  #5  #6  #7  #8  #9 #10 #11
[    0.196647] smp: Brought up 1 node, 12 CPUs
[    0.196650] smpboot: Total of 12 processors activated (50687.95 BogoMIPS)
[    0.196771] Memory: 8111220K/8371908K available (19187K kernel code, 2915K rwdata, 7628K rodata, 2844K init, 784K bss, 254064K reserved, 0K cma-reserved)
[    0.196771] devtmpfs: initialized
[    0.196771] ACPI: PM: Registering ACPI NVS region [mem 0xdef7f000-0xdeffefff] (524288 bytes)
[    0.196771] clocksource: jiffies: mask: 0xffffffff max_cycles: 0xffffffff, max_idle_ns: 1911260446275000 ns
[    0.196771] posixtimers hash table entries: 8192 (order: 5, 131072 bytes, linear)
[    0.196771] futex hash table entries: 4096 (262144 bytes on 1 NUMA nodes, total 256 KiB, linear).
[    0.196771] PM: RTC time: 10:40:46, date: 2026-01-09
[    0.196771] NET: Registered PF_NETLINK/PF_ROUTE protocol family
[    0.196771] audit: initializing netlink subsys (disabled)
[    0.196771] audit: type=2000 audit(1767955252.737:1): state=initialized audit_enabled=0 res=1
[    0.196771] thermal_sys: Registered thermal governor 'step_wise'
[    0.196771] cpuidle: using governor menu
[    0.196771] PCI: Using configuration type 1 for base access
[    0.196771] kprobes: kprobe jump-optimization is enabled. All kprobes are optimized if possible.
[    0.201454] HugeTLB: registered 2.00 MiB page size, pre-allocated 0 pages
[    0.201456] HugeTLB: 28 KiB vmemmap can be freed for a 2.00 MiB page
[    0.202802] ACPI: Added _OSI(Module Device)
[    0.202803] ACPI: Added _OSI(Processor Device)
[    0.202805] ACPI: Added _OSI(Processor Aggregator Device)
[    0.203571] ACPI: 2 ACPI AML tables successfully acquired and loaded
[    0.204236] ACPI: Interpreter enabled
[    0.204242] ACPI: PM: (supports S0 S5)
[    0.204243] ACPI: Using IOAPIC for interrupt routing
[    0.204299] PCI: Using host bridge windows from ACPI; if necessary, use "pci=nocrs" and report a bug
[    0.204300] PCI: Using E820 reservations for host bridge windows
[    0.204337] ACPI: Enabled 2 GPEs in block 00 to 07
[    0.209461] ACPI: PCI Root Bridge [PCI0] (domain 0000 [bus 00-ff])
[    0.209466] acpi PNP0A03:00: _OSC: OS supports [ASPM ClockPM Segments MSI HPX-Type3]
[    0.209468] acpi PNP0A03:00: _OSC: not requesting OS control; OS requires [ExtendedConfig ASPM ClockPM MSI]
[    0.209586] acpi PNP0A03:00: fail to add MMCONFIG information, can't access extended configuration space under this bridge
[    0.209636] PCI host bridge to bus 0000:00
[    0.209638] pci_bus 0000:00: root bus resource [io  0x0000-0x0cf7 window]
[    0.209640] pci_bus 0000:00: root bus resource [io  0x0d00-0xffff window]
[    0.209641] pci_bus 0000:00: root bus resource [mem 0x000a0000-0x000bffff window]
[    0.209643] pci_bus 0000:00: root bus resource [mem 0xe0000000-0xfdffffff window]
[    0.209644] pci_bus 0000:00: root bus resource [bus 00-ff]
[    0.209722] pci 0000:00:00.0: [8086:1237] type 00 class 0x060000 conventional PCI endpoint
[    0.209991] pci 0000:00:01.0: [8086:7000] type 00 class 0x060100 conventional PCI endpoint
[    0.210269] pci 0000:00:01.1: [8086:7111] type 00 class 0x01018a conventional PCI endpoint
[    0.210463] pci 0000:00:01.1: BAR 4 [io  0xc180-0xc18f]
[    0.210486] pci 0000:00:01.1: BAR 0 [io  0x01f0-0x01f7]: legacy IDE quirk
[    0.210487] pci 0000:00:01.1: BAR 1 [io  0x03f6]: legacy IDE quirk
[    0.210488] pci 0000:00:01.1: BAR 2 [io  0x0170-0x0177]: legacy IDE quirk
[    0.210489] pci 0000:00:01.1: BAR 3 [io  0x0376]: legacy IDE quirk
[    0.210575] pci 0000:00:02.0: [15ad:0405] type 00 class 0x030000 conventional PCI endpoint
[    0.213436] pci 0000:00:02.0: BAR 0 [io  0xc170-0xc17f]
[    0.213443] pci 0000:00:02.0: BAR 1 [mem 0xe0000000-0xe0ffffff pref]
[    0.213449] pci 0000:00:02.0: BAR 2 [mem 0xe1400000-0xe15fffff]
[    0.213496] pci 0000:00:02.0: Video device with shadowed ROM at [mem 0x000c0000-0x000dffff]
[    0.214490] pci 0000:00:03.0: [8086:100e] type 00 class 0x020000 conventional PCI endpoint
[    0.215558] pci 0000:00:03.0: BAR 0 [mem 0xe1600000-0xe161ffff]
[    0.215570] pci 0000:00:03.0: BAR 2 [io  0xc1a0-0xc1a7]
[    0.217516] pci 0000:00:04.0: [80ee:cafe] type 00 class 0x088000 conventional PCI endpoint
[    0.218595] pci 0000:00:04.0: BAR 0 [io  0xc140-0xc15f]
[    0.219415] pci 0000:00:04.0: BAR 1 [mem 0xe1000000-0xe13fffff]
[    0.219421] pci 0000:00:04.0: BAR 2 [mem 0xe1620000-0xe1623fff pref]
[    0.220490] pci 0000:00:05.0: [8086:2415] type 00 class 0x040100 conventional PCI endpoint
[    0.221490] pci 0000:00:05.0: BAR 0 [io  0xc000-0xc0ff]
[    0.221495] pci 0000:00:05.0: BAR 1 [io  0xc100-0xc13f]
[    0.221604] pci 0000:00:06.0: [106b:003f] type 00 class 0x0c0310 conventional PCI endpoint
[    0.222557] pci 0000:00:06.0: BAR 0 [mem 0xe1627000-0xe1627fff]
[    0.223477] pci 0000:00:07.0: [8086:7113] type 00 class 0x068000 conventional PCI endpoint
[    0.223689] pci 0000:00:07.0: quirk: [io  0xb000-0xb03f] claimed by PIIX4 ACPI
[    0.223695] pci 0000:00:07.0: quirk: [io  0x4100-0x410f] claimed by PIIX4 SMB
[    0.223818] pci 0000:00:0b.0: [8086:265c] type 00 class 0x0c0320 conventional PCI endpoint
[    0.225548] pci 0000:00:0b.0: BAR 0 [mem 0xe1626000-0xe1626fff]
[    0.225736] pci 0000:00:0d.0: [8086:2829] type 00 class 0x010601 conventional PCI endpoint
[    0.228484] pci 0000:00:0d.0: BAR 0 [io  0xc198-0xc19f]
[    0.228490] pci 0000:00:0d.0: BAR 1 [io  0xc1ac-0xc1af]
[    0.228496] pci 0000:00:0d.0: BAR 2 [io  0xc190-0xc197]
[    0.228501] pci 0000:00:0d.0: BAR 3 [io  0xc1a8-0xc1ab]
[    0.228507] pci 0000:00:0d.0: BAR 4 [io  0xc160-0xc16f]
[    0.228512] pci 0000:00:0d.0: BAR 5 [mem 0xe1624000-0xe1625fff]
[    0.230284] ACPI: PCI: Interrupt link LNKA configured for IRQ 10
[    0.230424] ACPI: PCI: Interrupt link LNKB configured for IRQ 10
[    0.230457] ACPI: PCI: Interrupt link LNKC configured for IRQ 11
[    0.230489] ACPI: PCI: Interrupt link LNKD configured for IRQ 11
[    0.230562] iommu: Default domain type: Translated
[    0.230564] iommu: DMA domain TLB invalidation policy: lazy mode
[    0.231631] SCSI subsystem initialized
[    0.231631] libata version 3.00 loaded.
[    0.231631] ACPI: bus type USB registered
[    0.231631] usbcore: registered new interface driver usbfs
[    0.231631] usbcore: registered new interface driver hub
[    0.231631] usbcore: registered new device driver usb
[    0.231631] pps_core: LinuxPPS API ver. 1 registered
[    0.231631] pps_core: Software ver. 5.3.6 - Copyright 2005-2007 Rodolfo Giometti <giometti@linux.it>
[    0.231631] PTP clock support registered
[    0.231631] efivars: Registered efivars operations
[    0.231631] Advanced Linux Sound Architecture Driver Initialized.
[    0.231631] NetLabel: Initializing
[    0.231631] NetLabel:  domain hash size = 128
[    0.231631] NetLabel:  protocols = UNLABELED CIPSOv4 CALIPSO
[    0.231631] NetLabel:  unlabeled traffic allowed by default
[    0.231631] PCI: Using ACPI for IRQ routing
[    0.231631] PCI: pci_cache_line_size set to 64 bytes
[    0.231631] e820: reserve RAM buffer [mem 0xdd819000-0xdfffffff]
[    0.231631] e820: reserve RAM buffer [mem 0xde154000-0xdfffffff]
[    0.231631] e820: reserve RAM buffer [mem 0xdecef000-0xdfffffff]
[    0.231631] e820: reserve RAM buffer [mem 0xdf36b000-0xdfffffff]
[    0.231631] pci 0000:00:02.0: vgaarb: setting as boot VGA device
[    0.231631] pci 0000:00:02.0: vgaarb: bridge control possible
[    0.231631] pci 0000:00:02.0: vgaarb: VGA device added: decodes=io+mem,owns=io+mem,locks=none
[    0.231631] vgaarb: loaded
[    0.232844] clocksource: Switched to clocksource kvm-clock
[    0.232898] VFS: Disk quotas dquot_6.6.0
[    0.232901] VFS: Dquot-cache hash table entries: 512 (order 0, 4096 bytes)
[    0.233708] pnp: PnP ACPI init
[    0.234000] pnp: PnP ACPI: found 2 devices
[    0.240691] clocksource: acpi_pm: mask: 0xffffff max_cycles: 0xffffff, max_idle_ns: 2085701024 ns
[    0.240708] NET: Registered PF_INET protocol family
[    0.241016] IP idents hash table entries: 131072 (order: 8, 1048576 bytes, linear)
[    0.241688] tcp_listen_portaddr_hash hash table entries: 4096 (order: 4, 65536 bytes, linear)
[    0.241688] Table-perturb hash table entries: 65536 (order: 6, 262144 bytes, linear)
[    0.241688] TCP established hash table entries: 65536 (order: 7, 524288 bytes, linear)
[    0.241688] TCP bind hash table entries: 65536 (order: 9, 2097152 bytes, linear)
[    0.241688] TCP: Hash tables configured (established 65536 bind 65536)
[    0.241688] UDP hash table entries: 4096 (order: 6, 262144 bytes, linear)
[    0.241688] UDP-Lite hash table entries: 4096 (order: 6, 262144 bytes, linear)
[    0.241688] NET: Registered PF_UNIX/PF_LOCAL protocol family
[    0.242853] RPC: Registered named UNIX socket transport module.
[    0.242855] RPC: Registered udp transport module.
[    0.242856] RPC: Registered tcp transport module.
[    0.242857] RPC: Registered tcp-with-tls transport module.
[    0.242858] RPC: Registered tcp NFSv4.1 backchannel transport module.
[    0.243072] pci_bus 0000:00: resource 4 [io  0x0000-0x0cf7 window]
[    0.243079] pci_bus 0000:00: resource 5 [io  0x0d00-0xffff window]
[    0.243081] pci_bus 0000:00: resource 6 [mem 0x000a0000-0x000bffff window]
[    0.243082] pci_bus 0000:00: resource 7 [mem 0xe0000000-0xfdffffff window]
[    0.243098] pci 0000:00:00.0: Limiting direct PCI/PCI transfers
[    0.243845] PCI: CLS 0 bytes, default 64
[    0.243865] PCI-DMA: Using software bounce buffering for IO (SWIOTLB)
[    0.243867] software IO TLB: mapped [mem 0x00000000d7fbe000-0x00000000dbfbe000] (64MB)
[    0.243887] RAPL PMU: API unit is 2^-32 Joules, 0 fixed counters, 10737418240 ms ovfl timer
[    0.243893] clocksource: tsc: mask: 0xffffffffffffffff max_cycles: 0x1e71768ef8b, max_idle_ns: 440795218977 ns
[    0.248356] clocksource: Switched to clocksource tsc
[    0.248381] platform rtc_cmos: registered platform RTC device (no PNP device found)
[    0.272909] Initialise system trusted keyrings
[    0.273170] workingset: timestamp_bits=40 max_order=21 bucket_order=0
[    0.273704] NFS: Registering the id_resolver key type
[    0.273709] Key type id_resolver registered
[    0.273710] Key type id_legacy registered
[    0.273755] 9p: Installing v9fs 9p2000 file system support
[    0.277500] Key type asymmetric registered
[    0.277500] Asymmetric key parser 'x509' registered
[    0.277500] Block layer SCSI generic (bsg) driver version 0.4 loaded (major 251)
[    0.277500] io scheduler mq-deadline registered
[    0.277500] io scheduler kyber registered
[    0.280663] ACPI: AC: AC Adapter [AC] (on-line)
[    0.280685] input: Power Button as /devices/LNXSYSTM:00/LNXPWRBN:00/input/input0
[    0.280827] ACPI: button: Power Button [PWRF]
[    0.280839] input: Sleep Button as /devices/LNXSYSTM:00/LNXSLPBN:00/input/input1
[    0.280861] ACPI: button: Sleep Button [SLPF]
[    0.280881] ACPI: video: Video Device [GFX0] (multi-head: yes  rom: no  post: no)
[    0.280903] input: Video Bus as /devices/LNXSYSTM:00/LNXSYBUS:00/PNP0A03:00/LNXVIDEO:00/input/input2
[    0.281982] Serial: 8250/16550 driver, 4 ports, IRQ sharing enabled
[    0.282309] Non-volatile memory driver v1.3
[    0.282310] Linux agpgart interface v0.103
[    0.282345] ACPI: bus type drm_connector registered
[    0.284781] loop: module loaded
[    0.285016] ahci 0000:00:0d.0: SSS flag set, parallel bus scan disabled
[    0.285108] ahci 0000:00:0d.0: AHCI vers 0001.0100, 32 command slots, 3 Gbps, SATA mode
[    0.285111] ahci 0000:00:0d.0: 2/2 ports implemented (port mask 0x3)
[    0.285112] ahci 0000:00:0d.0: flags: 64bit ncq stag only ccc 
[    0.285436] scsi host0: ahci
[    0.285560] scsi host1: ahci
[    0.285579] ata1: SATA max UDMA/133 abar m8192@0xe1624000 port 0xe1624100 irq 21 lpm-pol 1 ext
[    0.285583] ata2: SATA max UDMA/133 abar m8192@0xe1624000 port 0xe1624180 irq 21 lpm-pol 1 ext
[    0.286140] scsi host2: ata_piix
[    0.286247] scsi host3: ata_piix
[    0.286259] ata3: PATA max UDMA/33 cmd 0x1f0 ctl 0x3f6 bmdma 0xc180 irq 14 lpm-pol 0
[    0.286260] ata4: PATA max UDMA/33 cmd 0x170 ctl 0x376 bmdma 0xc188 irq 15 lpm-pol 0
[    0.286360] e100: Intel(R) PRO/100 Network Driver
[    0.286361] e100: Copyright(c) 1999-2006 Intel Corporation
[    0.286366] e1000: Intel(R) PRO/1000 Network Driver
[    0.286367] e1000: Copyright (c) 1999-2006 Intel Corporation.
[    1.064411] ata1: SATA link up 3.0 Gbps (SStatus 123 SControl 300)
[    1.064678] ata1.00: ATA-6: VBOX HARDDISK, 1.0, max UDMA/133
[    1.064682] ata1.00: 41943040 sectors, multi 128: LBA48 NCQ (depth 32)
[    1.064969] ata1.00: configured for UDMA/133
[    1.069217] scsi 0:0:0:0: Direct-Access     ATA      VBOX HARDDISK    1.0  PQ: 0 ANSI: 5
[    1.071812] scsi 0:0:0:0: Attached scsi generic sg0 type 0
[    1.071879] sd 0:0:0:0: [sda] 41943040 512-byte logical blocks: (21.5 GB/20.0 GiB)
[    1.071886] sd 0:0:0:0: [sda] Write Protect is off
[    1.071888] sd 0:0:0:0: [sda] Mode Sense: 00 3a 00 00
[    1.071895] sd 0:0:0:0: [sda] Write cache: enabled, read cache: enabled, doesn't support DPO or FUA
[    1.071909] sd 0:0:0:0: [sda] Preferred minimum I/O size 512 bytes
[    1.077166] e1000 0000:00:03.0 eth0: (PCI:33MHz:32-bit) 08:00:27:24:a2:e5
[    1.077166] e1000 0000:00:03.0 eth0: Intel(R) PRO/1000 Network Connection
[    1.077166] e1000e: Intel(R) PRO/1000 Network Driver
[    1.077166] e1000e: Copyright(c) 1999 - 2015 Intel Corporation.
[    1.077166] sky2: driver version 1.30
[    1.079407] ehci-pci 0000:00:0b.0: EHCI Host Controller
[    1.079768] ehci-pci 0000:00:0b.0: new USB bus registered, assigned bus number 1
[    1.080005] ehci-pci 0000:00:0b.0: irq 19, io mem 0xe1626000
[    1.191269] ehci-pci 0000:00:0b.0: USB 2.0 started, EHCI 1.00
[    1.191307] usb usb1: New USB device found, idVendor=1d6b, idProduct=0002, bcdDevice= 6.19
[    1.191311] usb usb1: New USB device strings: Mfr=3, Product=2, SerialNumber=1
[    1.191314] usb usb1: Product: EHCI Host Controller
[    1.191316] usb usb1: Manufacturer: Linux 6.19.0-thor_kernel-g623fb9912f6a-dirty ehci_hcd
[    1.191321] usb usb1: SerialNumber: 0000:00:0b.0
[    1.191407] hub 1-0:1.0: USB hub found
[    1.191413] hub 1-0:1.0: 12 ports detected
[    1.191639] ohci-pci 0000:00:06.0: OHCI PCI host controller
[    1.191676] ohci-pci 0000:00:06.0: new USB bus registered, assigned bus number 2
[    1.191757] ohci-pci 0000:00:06.0: irq 22, io mem 0xe1627000
[    1.315021] usb usb2: New USB device found, idVendor=1d6b, idProduct=0001, bcdDevice= 6.19
[    1.315030] usb usb2: New USB device strings: Mfr=3, Product=2, SerialNumber=1
[    1.315032] usb usb2: Product: OHCI PCI host controller
[    1.315034] usb usb2: Manufacturer: Linux 6.19.0-thor_kernel-g623fb9912f6a-dirty ohci_hcd
[    1.315037] usb usb2: SerialNumber: 0000:00:06.0
[    1.315218] hub 2-0:1.0: USB hub found
[    1.315235] hub 2-0:1.0: 12 ports detected
[    1.315681] usbcore: registered new interface driver usblp
[    1.315696] usbcore: registered new interface driver usb-storage
[    1.315741] i8042: PNP: PS/2 Controller [PNP0303:PS2K,PNP0f03:PS2M] at 0x60,0x64 irq 1,12
[    1.316414] serio: i8042 KBD port at 0x60,0x64 irq 1
[    1.316423] serio: i8042 AUX port at 0x60,0x64 irq 12
[    1.316977] rtc_cmos rtc_cmos: registered as rtc0
[    1.317013] rtc_cmos rtc_cmos: alarms up to one day, 114 bytes nvram
[    1.317236] device-mapper: ioctl: 4.50.0-ioctl (2025-04-28) initialised: dm-devel@lists.linux.dev
[    1.317243] intel_pstate: CPU model not supported
[    1.317353] input: AT Translated Set 2 keyboard as /devices/platform/i8042/serio0/input/input3
[    1.317371] simple-framebuffer simple-framebuffer.0: [drm] Registered 1 planes with drm panic
[    1.317625] [drm] Initialized simpledrm 1.0.0 for simple-framebuffer.0 on minor 0
[    1.319340]  sda: sda1 sda2 sda3
[    1.319469] sd 0:0:0:0: [sda] Attached SCSI disk
[    1.320080] Console: switching to colour frame buffer device 128x48
[    1.320785] simple-framebuffer simple-framebuffer.0: [drm] fb0: simpledrmdrmfb frame buffer device
[    1.320814] hid: raw HID events driver (C) Jiri Kosina
[    1.321008] usbcore: registered new interface driver usbhid
[    1.321024] usbhid: USB HID core driver
[    1.321729] Initializing XFRM netlink socket
[    1.321757] NET: Registered PF_INET6 protocol family
[    1.322263] Segment Routing with IPv6
[    1.322283] In-situ OAM (IOAM) with IPv6
[    1.322326] sit: IPv6, IPv4 and MPLS over IPv4 tunneling driver
[    1.322416] NET: Registered PF_PACKET protocol family
[    1.322442] 9pnet: Installing 9P2000 support
[    1.322462] Key type dns_resolver registered
[    1.323302] input: ImExPS/2 Generic Explorer Mouse as /devices/platform/i8042/serio1/input/input5
[    1.323566] IPI shorthand broadcast: enabled
[    1.324832] sched_clock: Marking stable (1324025689, 488498)->(1336680447, -12166260)
[    1.325321] registered taskstats version 1
[    1.325325] Loading compiled-in X.509 certificates
[    1.326265] Demotion targets for Node 0: null
[    1.326312] PM:   Magic number: 10:835:678
[    1.326349] netconsole: network logging started
[    1.326377] cfg80211: Loading compiled-in X.509 certificates for regulatory database
[    1.326807] kworker/u51:2 (135) used greatest stack depth: 14032 bytes left
[    1.327215] Loaded X.509 cert 'sforshee: 00b28ddf47aef9cea7'
[    1.327389] Loaded X.509 cert 'wens: 61c038651aabdcf94bd0ac7ff06c7248db18c600'
[    1.327499] faux_driver regulatory: Direct firmware load for regulatory.db failed with error -2
[    1.327656] cfg80211: failed to load regulatory.db
[    1.327773] ALSA device list:
[    1.327875]   No soundcards found.
[    1.327992] check access for rdinit=/init failed: -2, ignoring
[    2.112254] ata2: SATA link down (SStatus 0 SControl 300)
[    2.112658] md: Waiting for all devices to be available before autodetect
[    2.112956] md: If you don't use raid, use raid=noautodetect
[    2.113248] md: Autodetecting RAID arrays.
[    2.113540] md: autorun ...
[    2.113832] md: ... autorun DONE.
[    2.285082] EXT4-fs (sda3): orphan cleanup on readonly fs
[    2.286699] EXT4-fs (sda3): mounted filesystem ca828d8a-c359-4525-949f-7d36c6674ce3 ro with ordered data mode. Quota mode: none.
[    2.286920] VFS: Mounted root (ext4 filesystem) readonly on device 8:3.
[    2.289301] devtmpfs: mounted
[    2.289706] usb 2-1: new full-speed USB device number 2 using ohci-pci
[    2.290491] Freeing unused kernel image (initmem) memory: 2844K
[    2.290799] Write protecting the kernel read-only data: 28672k
[    2.291929] Freeing unused kernel image (text/rodata gap) memory: 1292K
[    2.292255] Freeing unused kernel image (rodata/data gap) memory: 564K
[    2.322034] x86/mm: Checked W+X mappings: passed, no W+X pages found.
[    2.322131] x86/mm: Checking user space page tables
[    2.351477] x86/mm: Checked W+X mappings: passed, no W+X pages found.
[    2.351851] Run /sbin/init as init process
[    2.352011]   with arguments:
[    2.352012]     /sbin/init
[    2.352012]   with environment:
[    2.352013]     HOME=/
[    2.352013]     TERM=linux
[    2.566191] usb 2-1: New USB device found, idVendor=80ee, idProduct=0021, bcdDevice= 1.00
[    2.566402] usb 2-1: New USB device strings: Mfr=1, Product=3, SerialNumber=0
[    2.566511] usb 2-1: Product: USB Tablet
[    2.566612] usb 2-1: Manufacturer: VirtualBox
[    2.579464] input: VirtualBox USB Tablet as /devices/pci0000:00/0000:00:06.0/usb2/2-1/2-1:1.0/0003:80EE:0021.0001/input/input6
[    2.580038] hid-generic 0003:80EE:0021.0001: input,hidraw0: USB HID v1.10 Mouse [VirtualBox USB Tablet] on usb-0000:00:06.0-1/input0
[    2.743623] systemd[1]: RTC configured in localtime, applying delta of 60 minutes to system time.
[    2.754217] systemd[1]: System time advanced to timestamp on /var/lib/systemd/timesync/clock: Fri 2026-01-09 11:40:29 CET
[    2.972517] modprobe (148) used greatest stack depth: 12640 bytes left
[    2.977071] systemd[1]: systemd 257.8 running in system mode (-PAM -AUDIT -SELINUX -APPARMOR +IMA +IPE +SMACK -SECCOMP -GCRYPT -GNUTLS +OPENSSL +ACL +BLKID -CURL -ELFUTILS -FIDO2 -IDN2 -IDN -IPTC +KMOD -LIBCRYPTSETUP -LIBCRYPTSETUP_PLUGINS +LIBFDISK -PCRE2 -PWQUALITY -P11KIT -QRENCODE -TPM2 +BZIP2 +LZ4 +XZ +ZLIB +ZSTD -BPF_FRAMEWORK -BTF -XKBCOMMON +UTMP +SYSVINIT -LIBARCHIVE)
[    2.977441] systemd[1]: Detected virtualization oracle.
[    2.977594] systemd[1]: Detected architecture x86-64.
[    2.985138] systemd[1]: Hostname set to <ftlinux>.
[    3.046005] systemd-tpm2-ge (161) used greatest stack depth: 12568 bytes left
[    3.057475] systemd-sysv-ge (160) used greatest stack depth: 12216 bytes left
[    3.226383] systemd[1]: Queued start job for default target Graphical Interface.
[    3.395883] systemd[1]: Created slice Slice /system/getty.
[    3.397870] systemd[1]: Created slice Slice /system/modprobe.
[    3.398217] systemd[1]: Created slice User and Session Slice.
[    3.398496] systemd[1]: Started Dispatch Password Requests to Console Directory Watch.
[    3.398770] systemd[1]: Started Forward Password Requests to Wall Directory Watch.
[    3.399101] systemd[1]: Set up automount Arbitrary Executable File Formats File System Automount Point.
[    3.399377] systemd[1]: Expecting device /dev/disk/by-uuid/0484cca5-a485-4947-8ca2-9e0d7477b11f...
[    3.399643] systemd[1]: Expecting device /dev/disk/by-uuid/BBA9-4079...
[    3.399912] systemd[1]: Reached target Path Units.
[    3.400175] systemd[1]: Reached target Remote File Systems.
[    3.400453] systemd[1]: Reached target Slice Units.
[    3.402834] systemd[1]: Listening on Process Core Dump Socket.
[    3.404977] systemd[1]: Listening on Credential Encryption/Decryption.
[    3.405721] systemd[1]: Listening on initctl Compatibility Named Pipe.
[    3.406411] systemd[1]: Listening on Journal Audit Socket.
[    3.407275] systemd[1]: Listening on Journal Socket (/dev/log).
[    3.407561] systemd[1]: Listening on Journal Sockets.
[    3.407834] systemd[1]: Listening on DDI File System Mounter Socket.
[    3.408128] systemd[1]: Listening on Network Service Netlink Socket.
[    3.408500] systemd[1]: Listening on Namespace Resource Manager Socket.
[    3.408825] systemd[1]: Listening on Userspace Out-Of-Memory (OOM) Killer Socket.
[    3.409079] systemd[1]: Listening on udev Control Socket.
[    3.409323] systemd[1]: Listening on udev Kernel Socket.
[    3.411948] systemd[1]: Mounting Huge Pages File System...
[    3.413397] systemd[1]: Mounting POSIX Message Queue File System...
[    3.414871] systemd[1]: Mounting Kernel Debug File System...
[    3.416400] systemd[1]: Mounting Kernel Trace File System...
[    3.416987] systemd[1]: Create List of Static Device Nodes was skipped because of an unmet condition check (ConditionFileNotEmpty=/lib/modules/6.19.0-thor_kernel-g623fb9912f6a-dirty/modules.devname).
[    3.417806] systemd[1]: Starting Load Kernel Module configfs...
[    3.419723] systemd[1]: Starting Load Kernel Module dm_mod...
[    3.421006] systemd[1]: Starting Load Kernel Module drm...
[    3.422363] systemd[1]: Starting Load Kernel Module efi_pstore...
[    3.423130] systemd[1]: Starting Load Kernel Module fuse...
[    3.424155] systemd[1]: Starting Load Kernel Module loop...
[    3.425183] systemd[1]: Starting File System Check on Root Device...
[    3.425801] systemd[1]: Clear Stale Hibernate Storage Info was skipped because of an unmet condition check (ConditionPathExists=/sys/firmware/efi/efivars/HibernateLocation-8cf2644b-4b0b-428f-9387-6d876050dc67).
[    3.426100] systemd[1]: systemd-journald.service: unit configures an IP firewall, but the local system does not support BPF/cgroup firewalling.
[    3.426332] systemd[1]: systemd-journald.service: (This warning is only shown for the first unit using IP firewalling.)
[    3.426926] systemd[1]: Starting Journal Service...
[    3.506669] systemd[1]: Load Kernel Modules was skipped because no trigger condition checks were met.
[    3.508755] systemd[1]: Starting Generate network units from Kernel command line...
[    3.509987] systemd[1]: Starting Userspace Out-Of-Memory (OOM) Killer...
[    3.510896] systemd[1]: Starting Apply Kernel Variables...
[    3.516842] systemd-journald[185]: Collecting audit messages is enabled.
[    3.532354] systemd[1]: Starting Create Static Device Nodes in /dev gracefully...
[    3.534640] systemd[1]: Starting Load udev Rules from Credentials...
[    3.535712] systemd[1]: Starting Coldplug All udev Devices...
[    3.537325] systemd[1]: Started Journal Service.
[    4.539778] EXT4-fs (sda3): re-mounted ca828d8a-c359-4525-949f-7d36c6674ce3 r/w.
[    4.560728] systemd-journald[185]: Received client request to flush runtime journal.
[    4.879651] journal-offline (247) used greatest stack depth: 11912 bytes left
[    4.986283] e1000 0000:00:03.0 enp0s3: renamed from eth0
[    4.995943] e1000: enp0s3 NIC Link is Up 1000 Mbps Full Duplex, Flow Control: RX
[    5.071475] FAT-fs (sda1): Volume was not properly unmounted. Some data may be corrupt. Please run fsck.
[    5.075896] Adding 4194300k swap on /dev/sda2.  Priority:-1 extents:1 across:4194300k 
