[    0.000000] Linux version 6.19.0-rc4-00020-gf0b9d8eb98df (root@ftlinux) (gcc (GCC) 15.2.0, GNU ld (GNU Binutils) 2.45) #1 SMP PREEMPT_DYNAMIC Wed Jan  7 12:44:34 CET 2026
[    0.000000] Command line: BOOT_IMAGE=/boot/vmlinuz-linux-torvalds root=/dev/sda3 ro
[    0.000000] BIOS-provided physical RAM map:
[    0.000000] BIOS-e820: [mem 0x0000000000000000-0x000000000009ffff] usable
[    0.000000] BIOS-e820: [mem 0x0000000000100000-0x00000000de153fff] usable
[    0.000000] BIOS-e820: [mem 0x00000000de154000-0x00000000de19cfff] reserved
[    0.000000] BIOS-e820: [mem 0x00000000de19d000-0x00000000deceefff] usable
[    0.000000] BIOS-e820: [mem 0x00000000decef000-0x00000000def6efff] reserved
[    0.000000] BIOS-e820: [mem 0x00000000def6f000-0x00000000def7efff] ACPI data
[    0.000000] BIOS-e820: [mem 0x00000000def7f000-0x00000000deffefff] ACPI NVS
[    0.000000] BIOS-e820: [mem 0x00000000defff000-0x00000000df36afff] usable
[    0.000000] BIOS-e820: [mem 0x00000000df36b000-0x00000000dffeffff] reserved
[    0.000000] BIOS-e820: [mem 0x00000000ffc00000-0x00000000ffffffff] reserved
[    0.000000] BIOS-e820: [mem 0x0000000100000000-0x000000021fffffff] usable
[    0.000000] NX (Execute Disable) protection: active
[    0.000000] APIC: Static calls initialized
[    0.000000] efi: EFI v2.7 by EDK II
[    0.000000] efi: ACPI=0xdef7e000 ACPI 2.0=0xdef7e014 SMBIOS=0xdeffd000 
[    0.000000] efi: Remove mem119: MMIO range=[0xffc00000-0xffffffff] (4MB) from e820 map
[    0.000000] e820: remove [mem 0xffc00000-0xffffffff] reserved
[    0.000000] SMBIOS 2.5 present.
[    0.000000] DMI: innotek GmbH VirtualBox/VirtualBox, BIOS VirtualBox 12/01/2006
[    0.000000] DMI: Memory slots populated: 0/0
[    0.000000] Hypervisor detected: KVM
[    0.000000] last_pfn = 0xdf36b max_arch_pfn = 0x400000000
[    0.000000] kvm-clock: Using msrs 4b564d01 and 4b564d00
[    0.000009] kvm-clock: using sched offset of 10608142728 cycles
[    0.000010] clocksource: kvm-clock: mask: 0xffffffffffffffff max_cycles: 0x1cd42e4dffb, max_idle_ns: 881590591483 ns
[    0.000012] tsc: Detected 2111.998 MHz processor
[    0.000356] e820: update [mem 0x00000000-0x00000fff] usable ==> reserved
[    0.000358] e820: remove [mem 0x000a0000-0x000fffff] usable
[    0.000361] last_pfn = 0x220000 max_arch_pfn = 0x400000000
[    0.000365] MTRRs disabled by BIOS
[    0.000366] x86/PAT: Configuration [0-7]: WB  WC  UC- UC  WB  WP  UC- WT  
[    0.000370] last_pfn = 0xdf36b max_arch_pfn = 0x400000000
[    0.019375] Secure boot disabled
[    0.019376] ACPI: Early table checksum verification disabled
[    0.019377] ACPI: RSDP 0x00000000DEF7E014 000024 (v02 VBOX  )
[    0.019380] ACPI: XSDT 0x00000000DEF7D0E8 000044 (v01 VBOX   VBOXFACP 00000001      01000013)
[    0.019382] ACPI: FACP 0x00000000DEF79000 0000F4 (v04 VBOX   VBOXFACP 00000001 ASL  00000061)
[    0.019385] ACPI: DSDT 0x00000000DEF7A000 002353 (v02 VBOX   VBOXBIOS 00000002 INTL 20200925)
[    0.019386] ACPI: FACS 0x00000000DEFFE000 000040
[    0.019388] ACPI: APIC 0x00000000DEF78000 0000AC (v02 VBOX   VBOXAPIC 00000001 ASL  00000061)
[    0.019389] ACPI: SSDT 0x00000000DEF77000 00036C (v01 VBOX   VBOXCPUT 00000002 INTL 20200925)
[    0.019390] ACPI: BGRT 0x00000000DEF76000 000038 (v01 INTEL  EDK2     00000002      01000013)
[    0.019391] ACPI: Reserving FACP table memory at [mem 0xdef79000-0xdef790f3]
[    0.019392] ACPI: Reserving DSDT table memory at [mem 0xdef7a000-0xdef7c352]
[    0.019393] ACPI: Reserving FACS table memory at [mem 0xdeffe000-0xdeffe03f]
[    0.019393] ACPI: Reserving APIC table memory at [mem 0xdef78000-0xdef780ab]
[    0.019393] ACPI: Reserving SSDT table memory at [mem 0xdef77000-0xdef7736b]
[    0.019393] ACPI: Reserving BGRT table memory at [mem 0xdef76000-0xdef76037]
[    0.019489] No NUMA configuration found
[    0.019490] Faking a node at [mem 0x0000000000000000-0x000000021fffffff]
[    0.019491] NODE_DATA(0) allocated [mem 0x21fff8900-0x21fffbfff]
[    0.019499] Zone ranges:
[    0.019500]   DMA      [mem 0x0000000000001000-0x0000000000ffffff]
[    0.019501]   DMA32    [mem 0x0000000001000000-0x00000000ffffffff]
[    0.019501]   Normal   [mem 0x0000000100000000-0x000000021fffffff]
[    0.019502] Movable zone start for each node
[    0.019502] Early memory node ranges
[    0.019503]   node   0: [mem 0x0000000000001000-0x000000000009ffff]
[    0.019503]   node   0: [mem 0x0000000000100000-0x00000000de153fff]
[    0.019504]   node   0: [mem 0x00000000de19d000-0x00000000deceefff]
[    0.019504]   node   0: [mem 0x00000000defff000-0x00000000df36afff]
[    0.019504]   node   0: [mem 0x0000000100000000-0x000000021fffffff]
[    0.019505] Initmem setup node 0 [mem 0x0000000000001000-0x000000021fffffff]
[    0.019508] On node 0, zone DMA: 1 pages in unavailable ranges
[    0.019530] On node 0, zone DMA: 96 pages in unavailable ranges
[    0.025985] On node 0, zone DMA32: 73 pages in unavailable ranges
[    0.025998] On node 0, zone DMA32: 784 pages in unavailable ranges
[    0.034924] On node 0, zone Normal: 3221 pages in unavailable ranges
[    0.035193] ACPI: PM-Timer IO Port: 0x4008
[    0.035226] IOAPIC[0]: apic_id 12, version 32, address 0xfec00000, GSI 0-23
[    0.035227] ACPI: INT_SRC_OVR (bus 0 bus_irq 0 global_irq 2 dfl dfl)
[    0.035228] ACPI: INT_SRC_OVR (bus 0 bus_irq 9 global_irq 9 low level)
[    0.035231] ACPI: Using ACPI (MADT) for SMP configuration information
[    0.035235] e820: update [mem 0xdd819000-0xdd833fff] usable ==> reserved
[    0.035241] CPU topo: Max. logical packages:   1
[    0.035242] CPU topo: Max. logical dies:       1
[    0.035242] CPU topo: Max. dies per package:   1
[    0.035244] CPU topo: Max. threads per core:   1
[    0.035244] CPU topo: Num. cores per package:    12
[    0.035244] CPU topo: Num. threads per package:  12
[    0.035245] CPU topo: Allowing 12 present CPUs plus 0 hotplug CPUs
[    0.035257] PM: hibernation: Registered nosave memory: [mem 0x00000000-0x00000fff]
[    0.035258] PM: hibernation: Registered nosave memory: [mem 0x000a0000-0x000fffff]
[    0.035258] PM: hibernation: Registered nosave memory: [mem 0xdd819000-0xdd833fff]
[    0.035259] PM: hibernation: Registered nosave memory: [mem 0xde154000-0xde19cfff]
[    0.035259] PM: hibernation: Registered nosave memory: [mem 0xdecef000-0xdeffefff]
[    0.035260] PM: hibernation: Registered nosave memory: [mem 0xdf36b000-0xffffffff]
[    0.035261] [mem 0xdfff0000-0xffffffff] available for PCI devices
[    0.035261] Booting paravirtualized kernel on KVM
[    0.035262] clocksource: refined-jiffies: mask: 0xffffffff max_cycles: 0xffffffff, max_idle_ns: 1910969940391419 ns
[    0.039322] setup_percpu: NR_CPUS:64 nr_cpumask_bits:12 nr_cpu_ids:12 nr_node_ids:1
[    0.039826] percpu: Embedded 52 pages/cpu s175000 r8192 d29800 u262144
[    0.039829] pcpu-alloc: s175000 r8192 d29800 u262144 alloc=1*2097152
[    0.039830] pcpu-alloc: [0] 00 01 02 03 04 05 06 07 [0] 08 09 10 11 -- -- -- -- 
[    0.039842] Kernel command line: BOOT_IMAGE=/boot/vmlinuz-linux-torvalds root=/dev/sda3 ro
[    0.039856] random: crng init done
[    0.039856] printk: log buffer data + meta data: 262144 + 917504 = 1179648 bytes
[    0.040664] Dentry cache hash table entries: 1048576 (order: 11, 8388608 bytes, linear)
[    0.041097] Inode-cache hash table entries: 524288 (order: 10, 4194304 bytes, linear)
[    0.041217] software IO TLB: area num 16.
[    0.055574] Fallback order for Node 0: 0 
[    0.055576] Built 1 zonelists, mobility grouping on.  Total pages: 2092977
[    0.055577] Policy zone: Normal
[    0.055578] mem auto-init: stack:all(zero), heap alloc:off, heap free:off
[    0.070084] SLUB: HWalign=64, Order=0-3, MinObjects=0, CPUs=12, Nodes=1
[    0.070100] Kernel/User page tables isolation: enabled
[    0.070976] Dynamic Preempt: voluntary
[    0.071009] rcu: Preemptible hierarchical RCU implementation.
[    0.071010] rcu: 	RCU event tracing is enabled.
[    0.071010] rcu: 	RCU restricting CPUs from NR_CPUS=64 to nr_cpu_ids=12.
[    0.071011] 	Trampoline variant of Tasks RCU enabled.
[    0.071011] 	Tracing variant of Tasks RCU enabled.
[    0.071012] rcu: RCU calculated value of scheduler-enlistment delay is 100 jiffies.
[    0.071012] rcu: Adjusting geometry for rcu_fanout_leaf=16, nr_cpu_ids=12
[    0.071018] RCU Tasks: Setting shift to 4 and lim to 1 rcu_task_cb_adjust=1 rcu_task_cpu_ids=12.
[    0.071019] RCU Tasks Trace: Setting shift to 4 and lim to 1 rcu_task_cb_adjust=1 rcu_task_cpu_ids=12.
[    0.072636] NR_IRQS: 4352, nr_irqs: 520, preallocated irqs: 16
[    0.072797] rcu: srcu_init: Setting srcu_struct sizes based on contention.
[    0.073325] Console: colour dummy device 80x25
[    0.073327] printk: legacy console [tty0] enabled
[    0.073404] ACPI: Core revision 20250807
[    0.073446] APIC: Switch to symmetric I/O mode setup
[    0.073621] x2apic enabled
[    0.073828] APIC: Switched APIC routing to: physical x2apic
[    0.074691] ..TIMER: vector=0x30 apic1=0 pin1=2 apic2=-1 pin2=-1
[    0.074707] clocksource: tsc-early: mask: 0xffffffffffffffff max_cycles: 0x1e71768ef8b, max_idle_ns: 440795218977 ns
[    0.074711] Calibrating delay loop (skipped) preset value.. 4223.99 BogoMIPS (lpj=2111998)
[    0.074807] Last level iTLB entries: 4KB 0, 2MB 0, 4MB 0
[    0.074808] Last level dTLB entries: 4KB 0, 2MB 0, 4MB 0, 1GB 0
[    0.074812] mitigations: Enabled attack vectors: user_kernel, user_user, SMT mitigations: auto
[    0.074815] Speculative Store Bypass: Vulnerable
[    0.074816] Spectre V2 : Mitigation: Retpolines
[    0.074817] ITS: Mitigation: Aligned branch/return thunks
[    0.074818] MDS: Mitigation: Clear CPU buffers
[    0.074819] Spectre V1 : Mitigation: usercopy/swapgs barriers and __user pointer sanitization
[    0.074820] Spectre V2 : Spectre v2 / SpectreRSB: Filling RSB on context switch and VMEXIT
[    0.074822] active return thunk: its_return_thunk
[    0.074834] x86/fpu: Supporting XSAVE feature 0x001: 'x87 floating point registers'
[    0.074836] x86/fpu: Supporting XSAVE feature 0x002: 'SSE registers'
[    0.074837] x86/fpu: Supporting XSAVE feature 0x004: 'AVX registers'
[    0.074838] x86/fpu: xstate_offset[2]:  576, xstate_sizes[2]:  256
[    0.074839] x86/fpu: Enabled xstate features 0x7, context size is 832 bytes, using 'standard' format.
[    0.085586] Freeing SMP alternatives memory: 56K
[    0.085594] pid_max: default: 32768 minimum: 301
[    0.085626] SELinux:  Initializing.
[    0.085748] Mount-cache hash table entries: 16384 (order: 5, 131072 bytes, linear)
[    0.085766] Mountpoint-cache hash table entries: 16384 (order: 5, 131072 bytes, linear)
[    0.190401] smpboot: CPU0: 12th Gen Intel(R) Core(TM) i7-12700 (family: 0x6, model: 0x97, stepping: 0x2)
[    0.190500] Performance Events: unsupported CPU family 6 model 151 no PMU driver, software events only.
[    0.190518] signal: max sigframe size: 1776
[    0.190530] rcu: Hierarchical SRCU implementation.
[    0.190531] rcu: 	Max phase no-delay instances is 400.
[    0.190550] Timer migration: 2 hierarchy levels; 8 children per group; 2 crossnode level
[    0.193216] smp: Bringing up secondary CPUs ...
[    0.193264] smpboot: x86: Booting SMP configuration:
[    0.193265] .... node  #0, CPUs:        #1  #2  #3  #4  #5  #6  #7  #8  #9 #10 #11
[    0.208934] smp: Brought up 1 node, 12 CPUs
[    0.208939] smpboot: Total of 12 processors activated (50687.95 BogoMIPS)
[    0.209729] Memory: 8111224K/8371908K available (19187K kernel code, 2915K rwdata, 7628K rodata, 2844K init, 784K bss, 254060K reserved, 0K cma-reserved)
[    0.209850] devtmpfs: initialized
[    0.209887] ACPI: PM: Registering ACPI NVS region [mem 0xdef7f000-0xdeffefff] (524288 bytes)
[    0.209887] clocksource: jiffies: mask: 0xffffffff max_cycles: 0xffffffff, max_idle_ns: 1911260446275000 ns
[    0.209887] posixtimers hash table entries: 8192 (order: 5, 131072 bytes, linear)
[    0.210732] futex hash table entries: 4096 (262144 bytes on 1 NUMA nodes, total 256 KiB, linear).
[    0.210781] PM: RTC time: 11:50:59, date: 2026-01-07
[    0.210876] NET: Registered PF_NETLINK/PF_ROUTE protocol family
[    0.210919] audit: initializing netlink subsys (disabled)
[    0.210930] audit: type=2000 audit(1767786671.766:1): state=initialized audit_enabled=0 res=1
[    0.210930] thermal_sys: Registered thermal governor 'step_wise'
[    0.210930] cpuidle: using governor menu
[    0.210930] PCI: Using configuration type 1 for base access
[    0.210930] kprobes: kprobe jump-optimization is enabled. All kprobes are optimized if possible.
[    0.212908] HugeTLB: registered 2.00 MiB page size, pre-allocated 0 pages
[    0.212910] HugeTLB: 28 KiB vmemmap can be freed for a 2.00 MiB page
[    0.213870] ACPI: Added _OSI(Module Device)
[    0.213871] ACPI: Added _OSI(Processor Device)
[    0.213872] ACPI: Added _OSI(Processor Aggregator Device)
[    0.214413] ACPI: 2 ACPI AML tables successfully acquired and loaded
[    0.216870] ACPI: Interpreter enabled
[    0.216876] ACPI: PM: (supports S0 S5)
[    0.216877] ACPI: Using IOAPIC for interrupt routing
[    0.216939] PCI: Using host bridge windows from ACPI; if necessary, use "pci=nocrs" and report a bug
[    0.216941] PCI: Using E820 reservations for host bridge windows
[    0.216980] ACPI: Enabled 2 GPEs in block 00 to 07
[    0.217710] ACPI: PCI Root Bridge [PCI0] (domain 0000 [bus 00-ff])
[    0.217710] acpi PNP0A03:00: _OSC: OS supports [ASPM ClockPM Segments MSI HPX-Type3]
[    0.217710] acpi PNP0A03:00: _OSC: not requesting OS control; OS requires [ExtendedConfig ASPM ClockPM MSI]
[    0.217710] acpi PNP0A03:00: fail to add MMCONFIG information, can't access extended configuration space under this bridge
[    0.217710] PCI host bridge to bus 0000:00
[    0.217710] pci_bus 0000:00: root bus resource [io  0x0000-0x0cf7 window]
[    0.217710] pci_bus 0000:00: root bus resource [io  0x0d00-0xffff window]
[    0.217710] pci_bus 0000:00: root bus resource [mem 0x000a0000-0x000bffff window]
[    0.217710] pci_bus 0000:00: root bus resource [mem 0xe0000000-0xfdffffff window]
[    0.217710] pci_bus 0000:00: root bus resource [bus 00-ff]
[    0.217710] pci 0000:00:00.0: [8086:1237] type 00 class 0x060000 conventional PCI endpoint
[    0.217710] pci 0000:00:01.0: [8086:7000] type 00 class 0x060100 conventional PCI endpoint
[    0.217710] pci 0000:00:01.1: [8086:7111] type 00 class 0x01018a conventional PCI endpoint
[    0.217710] pci 0000:00:01.1: BAR 4 [io  0xc180-0xc18f]
[    0.217710] pci 0000:00:01.1: BAR 0 [io  0x01f0-0x01f7]: legacy IDE quirk
[    0.217710] pci 0000:00:01.1: BAR 1 [io  0x03f6]: legacy IDE quirk
[    0.217710] pci 0000:00:01.1: BAR 2 [io  0x0170-0x0177]: legacy IDE quirk
[    0.217710] pci 0000:00:01.1: BAR 3 [io  0x0376]: legacy IDE quirk
[    0.217710] pci 0000:00:02.0: [15ad:0405] type 00 class 0x030000 conventional PCI endpoint
[    0.218718] pci 0000:00:02.0: BAR 0 [io  0xc170-0xc17f]
[    0.218725] pci 0000:00:02.0: BAR 1 [mem 0xe0000000-0xe0ffffff pref]
[    0.218731] pci 0000:00:02.0: BAR 2 [mem 0xe1400000-0xe15fffff]
[    0.223735] pci 0000:00:02.0: Video device with shadowed ROM at [mem 0x000c0000-0x000dffff]
[    0.223859] pci 0000:00:03.0: [8086:100e] type 00 class 0x020000 conventional PCI endpoint
[    0.226820] pci 0000:00:03.0: BAR 0 [mem 0xe1600000-0xe161ffff]
[    0.226833] pci 0000:00:03.0: BAR 2 [io  0xc1a0-0xc1a7]
[    0.230060] pci 0000:00:04.0: [80ee:cafe] type 00 class 0x088000 conventional PCI endpoint
[    0.231832] pci 0000:00:04.0: BAR 0 [io  0xc140-0xc15f]
[    0.231840] pci 0000:00:04.0: BAR 1 [mem 0xe1000000-0xe13fffff]
[    0.231845] pci 0000:00:04.0: BAR 2 [mem 0xe1620000-0xe1623fff pref]
[    0.232936] pci 0000:00:05.0: [8086:2415] type 00 class 0x040100 conventional PCI endpoint
[    0.233331] pci 0000:00:05.0: BAR 0 [io  0xc000-0xc0ff]
[    0.233346] pci 0000:00:05.0: BAR 1 [io  0xc100-0xc13f]
[    0.233884] pci 0000:00:06.0: [106b:003f] type 00 class 0x0c0310 conventional PCI endpoint
[    0.235987] pci 0000:00:06.0: BAR 0 [mem 0xe1627000-0xe1627fff]
[    0.236336] pci 0000:00:07.0: [8086:7113] type 00 class 0x068000 conventional PCI endpoint
[    0.236960] pci 0000:00:07.0: quirk: [io  0x4000-0x403f] claimed by PIIX4 ACPI
[    0.236969] pci 0000:00:07.0: quirk: [io  0x4100-0x410f] claimed by PIIX4 SMB
[    0.237105] pci 0000:00:0b.0: [8086:265c] type 00 class 0x0c0320 conventional PCI endpoint
[    0.238925] pci 0000:00:0b.0: BAR 0 [mem 0xe1626000-0xe1626fff]
[    0.239908] pci 0000:00:0d.0: [8086:2829] type 00 class 0x010601 conventional PCI endpoint
[    0.241888] pci 0000:00:0d.0: BAR 0 [io  0xc198-0xc19f]
[    0.241905] pci 0000:00:0d.0: BAR 1 [io  0xc1ac-0xc1af]
[    0.241918] pci 0000:00:0d.0: BAR 2 [io  0xc190-0xc197]
[    0.241931] pci 0000:00:0d.0: BAR 3 [io  0xc1a8-0xc1ab]
[    0.241943] pci 0000:00:0d.0: BAR 4 [io  0xc160-0xc16f]
[    0.241956] pci 0000:00:0d.0: BAR 5 [mem 0xe1624000-0xe1625fff]
[    0.246196] ACPI: PCI: Interrupt link LNKA configured for IRQ 10
[    0.246346] ACPI: PCI: Interrupt link LNKB configured for IRQ 10
[    0.246416] ACPI: PCI: Interrupt link LNKC configured for IRQ 11
[    0.246488] ACPI: PCI: Interrupt link LNKD configured for IRQ 11
[    0.246606] iommu: Default domain type: Translated
[    0.246608] iommu: DMA domain TLB invalidation policy: lazy mode
[    0.246762] SCSI subsystem initialized
[    0.246802] libata version 3.00 loaded.
[    0.246802] ACPI: bus type USB registered
[    0.246802] usbcore: registered new interface driver usbfs
[    0.246802] usbcore: registered new interface driver hub
[    0.246802] usbcore: registered new device driver usb
[    0.246802] pps_core: LinuxPPS API ver. 1 registered
[    0.246802] pps_core: Software ver. 5.3.6 - Copyright 2005-2007 Rodolfo Giometti <giometti@linux.it>
[    0.246802] PTP clock support registered
[    0.246820] efivars: Registered efivars operations
[    0.246820] Advanced Linux Sound Architecture Driver Initialized.
[    0.246875] NetLabel: Initializing
[    0.246878] NetLabel:  domain hash size = 128
[    0.246879] NetLabel:  protocols = UNLABELED CIPSOv4 CALIPSO
[    0.246896] NetLabel:  unlabeled traffic allowed by default
[    0.246939] PCI: Using ACPI for IRQ routing
[    0.246942] PCI: pci_cache_line_size set to 64 bytes
[    0.247743] e820: reserve RAM buffer [mem 0xdd819000-0xdfffffff]
[    0.247745] e820: reserve RAM buffer [mem 0xde154000-0xdfffffff]
[    0.247746] e820: reserve RAM buffer [mem 0xdecef000-0xdfffffff]
[    0.247747] e820: reserve RAM buffer [mem 0xdf36b000-0xdfffffff]
[    0.247798] pci 0000:00:02.0: vgaarb: setting as boot VGA device
[    0.247802] pci 0000:00:02.0: vgaarb: bridge control possible
[    0.247804] pci 0000:00:02.0: vgaarb: VGA device added: decodes=io+mem,owns=io+mem,locks=none
[    0.247807] vgaarb: loaded
[    0.247920] clocksource: Switched to clocksource kvm-clock
[    0.256752] VFS: Disk quotas dquot_6.6.0
[    0.256759] VFS: Dquot-cache hash table entries: 512 (order 0, 4096 bytes)
[    0.256871] pnp: PnP ACPI init
[    0.257160] pnp: PnP ACPI: found 2 devices
[    0.262202] clocksource: acpi_pm: mask: 0xffffff max_cycles: 0xffffff, max_idle_ns: 2085701024 ns
[    0.262219] NET: Registered PF_INET protocol family
[    0.262381] IP idents hash table entries: 131072 (order: 8, 1048576 bytes, linear)
[    0.263083] tcp_listen_portaddr_hash hash table entries: 4096 (order: 4, 65536 bytes, linear)
[    0.263092] Table-perturb hash table entries: 65536 (order: 6, 262144 bytes, linear)
[    0.263095] TCP established hash table entries: 65536 (order: 7, 524288 bytes, linear)
[    0.263156] TCP bind hash table entries: 65536 (order: 9, 2097152 bytes, linear)
[    0.263389] TCP: Hash tables configured (established 65536 bind 65536)
[    0.263413] UDP hash table entries: 4096 (order: 6, 262144 bytes, linear)
[    0.263446] UDP-Lite hash table entries: 4096 (order: 6, 262144 bytes, linear)
[    0.263475] NET: Registered PF_UNIX/PF_LOCAL protocol family
[    0.263649] RPC: Registered named UNIX socket transport module.
[    0.263651] RPC: Registered udp transport module.
[    0.263652] RPC: Registered tcp transport module.
[    0.263652] RPC: Registered tcp-with-tls transport module.
[    0.263653] RPC: Registered tcp NFSv4.1 backchannel transport module.
[    0.263836] pci_bus 0000:00: resource 4 [io  0x0000-0x0cf7 window]
[    0.263839] pci_bus 0000:00: resource 5 [io  0x0d00-0xffff window]
[    0.263840] pci_bus 0000:00: resource 6 [mem 0x000a0000-0x000bffff window]
[    0.263842] pci_bus 0000:00: resource 7 [mem 0xe0000000-0xfdffffff window]
[    0.263858] pci 0000:00:00.0: Limiting direct PCI/PCI transfers
[    0.264571] PCI: CLS 0 bytes, default 64
[    0.264601] PCI-DMA: Using software bounce buffering for IO (SWIOTLB)
[    0.264603] software IO TLB: mapped [mem 0x00000000d7fbe000-0x00000000dbfbe000] (64MB)
[    0.264624] RAPL PMU: API unit is 2^-32 Joules, 0 fixed counters, 10737418240 ms ovfl timer
[    0.264640] clocksource: tsc: mask: 0xffffffffffffffff max_cycles: 0x1e71768ef8b, max_idle_ns: 440795218977 ns
[    0.264789] clocksource: Switched to clocksource tsc
[    0.264799] platform rtc_cmos: registered platform RTC device (no PNP device found)
[    0.277675] Initialise system trusted keyrings
[    0.277778] workingset: timestamp_bits=40 max_order=21 bucket_order=0
[    0.277868] NFS: Registering the id_resolver key type
[    0.277871] Key type id_resolver registered
[    0.277872] Key type id_legacy registered
[    0.277890] 9p: Installing v9fs 9p2000 file system support
[    0.280468] Key type asymmetric registered
[    0.280468] Asymmetric key parser 'x509' registered
[    0.280468] Block layer SCSI generic (bsg) driver version 0.4 loaded (major 251)
[    0.280468] io scheduler mq-deadline registered
[    0.280468] io scheduler kyber registered
[    0.284922] ACPI: AC: AC Adapter [AC] (on-line)
[    0.284945] input: Power Button as /devices/LNXSYSTM:00/LNXPWRBN:00/input/input0
[    0.285032] ACPI: button: Power Button [PWRF]
[    0.285043] input: Sleep Button as /devices/LNXSYSTM:00/LNXSLPBN:00/input/input1
[    0.285064] ACPI: button: Sleep Button [SLPF]
[    0.285083] ACPI: video: Video Device [GFX0] (multi-head: yes  rom: no  post: no)
[    0.285105] input: Video Bus as /devices/LNXSYSTM:00/LNXSYBUS:00/PNP0A03:00/LNXVIDEO:00/input/input2
[    0.286021] Serial: 8250/16550 driver, 4 ports, IRQ sharing enabled
[    0.286182] Non-volatile memory driver v1.3
[    0.286184] Linux agpgart interface v0.103
[    0.286218] ACPI: bus type drm_connector registered
[    0.287856] loop: module loaded
[    0.288098] ahci 0000:00:0d.0: SSS flag set, parallel bus scan disabled
[    0.288188] ahci 0000:00:0d.0: AHCI vers 0001.0100, 32 command slots, 3 Gbps, SATA mode
[    0.288191] ahci 0000:00:0d.0: 2/2 ports implemented (port mask 0x3)
[    0.288192] ahci 0000:00:0d.0: flags: 64bit ncq stag only ccc 
[    0.288435] scsi host0: ahci
[    0.288601] scsi host1: ahci
[    0.288621] ata1: SATA max UDMA/133 abar m8192@0xe1624000 port 0xe1624100 irq 21 lpm-pol 1 ext
[    0.288625] ata2: SATA max UDMA/133 abar m8192@0xe1624000 port 0xe1624180 irq 21 lpm-pol 1 ext
[    0.288842] scsi host2: ata_piix
[    0.288895] scsi host3: ata_piix
[    0.288906] ata3: PATA max UDMA/33 cmd 0x1f0 ctl 0x3f6 bmdma 0xc180 irq 14 lpm-pol 0
[    0.288908] ata4: PATA max UDMA/33 cmd 0x170 ctl 0x376 bmdma 0xc188 irq 15 lpm-pol 0
[    0.289005] e100: Intel(R) PRO/100 Network Driver
[    0.289006] e100: Copyright(c) 1999-2006 Intel Corporation
[    0.289010] e1000: Intel(R) PRO/1000 Network Driver
[    0.289011] e1000: Copyright (c) 1999-2006 Intel Corporation.
[    0.678543] e1000 0000:00:03.0 eth0: (PCI:33MHz:32-bit) 08:00:27:24:a2:e5
[    0.678543] e1000 0000:00:03.0 eth0: Intel(R) PRO/1000 Network Connection
[    0.678543] e1000e: Intel(R) PRO/1000 Network Driver
[    0.678543] e1000e: Copyright(c) 1999 - 2015 Intel Corporation.
[    0.678543] sky2: driver version 1.30
[    0.687564] ata1: SATA link up 3.0 Gbps (SStatus 123 SControl 300)
[    0.687734] ata1.00: ATA-6: VBOX HARDDISK, 1.0, max UDMA/133
[    0.687739] ata1.00: 41943040 sectors, multi 128: LBA48 NCQ (depth 32)
[    0.687765] ehci-pci 0000:00:0b.0: EHCI Host Controller
[    0.687782] ehci-pci 0000:00:0b.0: new USB bus registered, assigned bus number 1
[    0.687917] ehci-pci 0000:00:0b.0: irq 19, io mem 0xe1626000
[    0.688042] ata1.00: configured for UDMA/133
[    0.688188] scsi 0:0:0:0: Direct-Access     ATA      VBOX HARDDISK    1.0  PQ: 0 ANSI: 5
[    0.688280] scsi 0:0:0:0: Attached scsi generic sg0 type 0
[    0.688323] sd 0:0:0:0: [sda] 41943040 512-byte logical blocks: (21.5 GB/20.0 GiB)
[    0.688327] sd 0:0:0:0: [sda] Write Protect is off
[    0.688329] sd 0:0:0:0: [sda] Mode Sense: 00 3a 00 00
[    0.688333] sd 0:0:0:0: [sda] Write cache: enabled, read cache: enabled, doesn't support DPO or FUA
[    0.688340] sd 0:0:0:0: [sda] Preferred minimum I/O size 512 bytes
[    1.087939] ehci-pci 0000:00:0b.0: USB 2.0 started, EHCI 1.00
[    1.087967] usb usb1: New USB device found, idVendor=1d6b, idProduct=0002, bcdDevice= 6.19
[    1.087969] usb usb1: New USB device strings: Mfr=3, Product=2, SerialNumber=1
[    1.087971] usb usb1: Product: EHCI Host Controller
[    1.087972] usb usb1: Manufacturer: Linux 6.19.0-rc4-00020-gf0b9d8eb98df ehci_hcd
[    1.087973] usb usb1: SerialNumber: 0000:00:0b.0
[    1.088021] hub 1-0:1.0: USB hub found
[    1.088025] hub 1-0:1.0: 12 ports detected
[    1.088127] ohci-pci 0000:00:06.0: OHCI PCI host controller
[    1.088150] ohci-pci 0000:00:06.0: new USB bus registered, assigned bus number 2
[    1.088188] ohci-pci 0000:00:06.0: irq 22, io mem 0xe1627000
[    1.207159] usb usb2: New USB device found, idVendor=1d6b, idProduct=0001, bcdDevice= 6.19
[    1.207168] usb usb2: New USB device strings: Mfr=3, Product=2, SerialNumber=1
[    1.207170] usb usb2: Product: OHCI PCI host controller
[    1.207172] usb usb2: Manufacturer: Linux 6.19.0-rc4-00020-gf0b9d8eb98df ohci_hcd
[    1.207175] usb usb2: SerialNumber: 0000:00:06.0
[    1.207262] hub 2-0:1.0: USB hub found
[    1.207280] hub 2-0:1.0: 12 ports detected
[    1.207830] usbcore: registered new interface driver usblp
[    1.207840] usbcore: registered new interface driver usb-storage
[    1.207863] i8042: PNP: PS/2 Controller [PNP0303:PS2K,PNP0f03:PS2M] at 0x60,0x64 irq 1,12
[    1.208615] serio: i8042 KBD port at 0x60,0x64 irq 1
[    1.208628] serio: i8042 AUX port at 0x60,0x64 irq 12
[    1.209253] rtc_cmos rtc_cmos: registered as rtc0
[    1.209293] rtc_cmos rtc_cmos: alarms up to one day, 114 bytes nvram
[    1.209347] device-mapper: ioctl: 4.50.0-ioctl (2025-04-28) initialised: dm-devel@lists.linux.dev
[    1.209364] intel_pstate: CPU model not supported
[    1.209438] input: AT Translated Set 2 keyboard as /devices/platform/i8042/serio0/input/input3
[    1.209502] simple-framebuffer simple-framebuffer.0: [drm] Registered 1 planes with drm panic
[    1.209505] [drm] Initialized simpledrm 1.0.0 for simple-framebuffer.0 on minor 0
[    1.211662] Console: switching to colour frame buffer device 128x48
[    1.212214] simple-framebuffer simple-framebuffer.0: [drm] fb0: simpledrmdrmfb frame buffer device
[    1.212256] hid: raw HID events driver (C) Jiri Kosina
[    1.212445] usbcore: registered new interface driver usbhid
[    1.212450] usbhid: USB HID core driver
[    1.212984] Initializing XFRM netlink socket
[    1.213048] NET: Registered PF_INET6 protocol family
[    1.213603] Segment Routing with IPv6
[    1.213625] In-situ OAM (IOAM) with IPv6
[    1.213669] sit: IPv6, IPv4 and MPLS over IPv4 tunneling driver
[    1.213807] NET: Registered PF_PACKET protocol family
[    1.213871] 9pnet: Installing 9P2000 support
[    1.213906] Key type dns_resolver registered
[    1.214328] input: ImExPS/2 Generic Explorer Mouse as /devices/platform/i8042/serio1/input/input5
[    1.215874] IPI shorthand broadcast: enabled
[    1.217170] sched_clock: Marking stable (1215051940, 1433304)->(1229556134, -13070890)
[    1.217620] registered taskstats version 1
[    1.217624] Loading compiled-in X.509 certificates
[    1.218020]  sda: sda1 sda2 sda3
[    1.218068] sd 0:0:0:0: [sda] Attached SCSI disk
[    1.218504] Demotion targets for Node 0: null
[    1.218542] PM:   Magic number: 10:447:832
[    1.218580] netconsole: network logging started
[    1.218610] cfg80211: Loading compiled-in X.509 certificates for regulatory database
[    1.218973] kworker/u51:0 (130) used greatest stack depth: 14032 bytes left
[    1.219211] Loaded X.509 cert 'sforshee: 00b28ddf47aef9cea7'
[    1.219385] Loaded X.509 cert 'wens: 61c038651aabdcf94bd0ac7ff06c7248db18c600'
[    1.219498] faux_driver regulatory: Direct firmware load for regulatory.db failed with error -2
[    1.219603] cfg80211: failed to load regulatory.db
[    1.219717] ALSA device list:
[    1.219863]   No soundcards found.
[    1.219986] check access for rdinit=/init failed: -2, ignoring
[    1.435945] ata2: SATA link down (SStatus 0 SControl 300)
[    1.436471] md: Waiting for all devices to be available before autodetect
[    1.436641] md: If you don't use raid, use raid=noautodetect
[    1.436757] md: Autodetecting RAID arrays.
[    1.436937] md: autorun ...
[    1.437214] md: ... autorun DONE.
[    1.592010] EXT4-fs (sda3): orphan cleanup on readonly fs
[    1.592566] EXT4-fs (sda3): mounted filesystem ca828d8a-c359-4525-949f-7d36c6674ce3 ro with ordered data mode. Quota mode: none.
[    1.592807] VFS: Mounted root (ext4 filesystem) readonly on device 8:3.
[    1.596418] devtmpfs: mounted
[    1.596802] usb 2-1: new full-speed USB device number 2 using ohci-pci
[    1.597710] Freeing unused kernel image (initmem) memory: 2844K
[    1.597958] Write protecting the kernel read-only data: 28672k
[    1.598789] Freeing unused kernel image (text/rodata gap) memory: 1292K
[    1.599112] Freeing unused kernel image (rodata/data gap) memory: 564K
[    1.629317] x86/mm: Checked W+X mappings: passed, no W+X pages found.
[    1.629420] x86/mm: Checking user space page tables
[    1.658811] x86/mm: Checked W+X mappings: passed, no W+X pages found.
[    1.659209] Run /sbin/init as init process
[    1.659479]   with arguments:
[    1.659480]     /sbin/init
[    1.659481]   with environment:
[    1.659481]     HOME=/
[    1.659482]     TERM=linux
[    1.891549] usb 2-1: New USB device found, idVendor=80ee, idProduct=0021, bcdDevice= 1.00
[    1.891742] usb 2-1: New USB device strings: Mfr=1, Product=3, SerialNumber=0
[    1.891856] usb 2-1: Product: USB Tablet
[    1.891957] usb 2-1: Manufacturer: VirtualBox
[    1.903295] input: VirtualBox USB Tablet as /devices/pci0000:00/0000:00:06.0/usb2/2-1/2-1:1.0/0003:80EE:0021.0001/input/input6
[    1.903535] hid-generic 0003:80EE:0021.0001: input,hidraw0: USB HID v1.10 Mouse [VirtualBox USB Tablet] on usb-0000:00:06.0-1/input0
[    1.962716] systemd[1]: RTC configured in localtime, applying delta of 60 minutes to system time.
[    1.968187] systemd[1]: System time advanced to timestamp on /var/lib/systemd/timesync/clock: Wed 2026-01-07 12:50:41 CET
[    2.060789] modprobe (140) used greatest stack depth: 12664 bytes left
[    2.065078] systemd[1]: systemd 257.8 running in system mode (-PAM -AUDIT -SELINUX -APPARMOR +IMA +IPE +SMACK -SECCOMP -GCRYPT -GNUTLS +OPENSSL +ACL +BLKID -CURL -ELFUTILS -FIDO2 -IDN2 -IDN -IPTC +KMOD -LIBCRYPTSETUP -LIBCRYPTSETUP_PLUGINS +LIBFDISK -PCRE2 -PWQUALITY -P11KIT -QRENCODE -TPM2 +BZIP2 +LZ4 +XZ +ZLIB +ZSTD -BPF_FRAMEWORK -BTF -XKBCOMMON +UTMP +SYSVINIT -LIBARCHIVE)
[    2.065769] systemd[1]: Detected virtualization oracle.
[    2.066011] systemd[1]: Detected architecture x86-64.
[    2.073125] systemd[1]: Hostname set to <ftlinux>.
[    2.100024] systemd-debug-g (145) used greatest stack depth: 12568 bytes left
[    2.262743] systemd[1]: Queued start job for default target Graphical Interface.
[    2.548411] systemd[1]: Created slice Slice /system/getty.
[    2.550248] systemd[1]: Created slice Slice /system/modprobe.
[    2.550695] systemd[1]: Created slice User and Session Slice.
[    2.551024] systemd[1]: Started Dispatch Password Requests to Console Directory Watch.
[    2.551328] systemd[1]: Started Forward Password Requests to Wall Directory Watch.
[    2.551694] systemd[1]: Set up automount Arbitrary Executable File Formats File System Automount Point.
[    2.551953] systemd[1]: Expecting device /dev/disk/by-uuid/0484cca5-a485-4947-8ca2-9e0d7477b11f...
[    2.552199] systemd[1]: Expecting device /dev/disk/by-uuid/BBA9-4079...
[    2.552463] systemd[1]: Reached target Path Units.
[    2.552729] systemd[1]: Reached target Remote File Systems.
[    2.552986] systemd[1]: Reached target Slice Units.
[    2.555750] systemd[1]: Listening on Process Core Dump Socket.
[    2.558188] systemd[1]: Listening on Credential Encryption/Decryption.
[    2.558613] systemd[1]: Listening on initctl Compatibility Named Pipe.
[    2.559279] systemd[1]: Listening on Journal Audit Socket.
[    2.559965] systemd[1]: Listening on Journal Socket (/dev/log).
[    2.560244] systemd[1]: Listening on Journal Sockets.
[    2.560499] systemd[1]: Listening on DDI File System Mounter Socket.
[    2.560792] systemd[1]: Listening on Network Service Netlink Socket.
[    2.561031] systemd[1]: Listening on Namespace Resource Manager Socket.
[    2.561285] systemd[1]: Listening on Userspace Out-Of-Memory (OOM) Killer Socket.
[    2.561531] systemd[1]: Listening on udev Control Socket.
[    2.561766] systemd[1]: Listening on udev Kernel Socket.
[    2.564122] systemd[1]: Mounting Huge Pages File System...
[    2.565595] systemd[1]: Mounting POSIX Message Queue File System...
[    2.567030] systemd[1]: Mounting Kernel Debug File System...
[    2.568548] systemd[1]: Mounting Kernel Trace File System...
[    2.568986] systemd[1]: Create List of Static Device Nodes was skipped because of an unmet condition check (ConditionFileNotEmpty=/lib/modules/6.19.0-rc4-00020-gf0b9d8eb98df/modules.devname).
[    2.569703] systemd[1]: Starting Load Kernel Module configfs...
[    2.573113] systemd[1]: Starting Load Kernel Module dm_mod...
[    2.575186] systemd[1]: Starting Load Kernel Module drm...
[    2.576864] systemd[1]: Starting Load Kernel Module efi_pstore...
[    2.578286] systemd[1]: Starting Load Kernel Module fuse...
[    2.578983] modprobe (180) used greatest stack depth: 12376 bytes left
[    2.580108] systemd[1]: Starting Load Kernel Module loop...
[    2.581677] systemd[1]: Starting File System Check on Root Device...
[    2.582323] systemd[1]: Clear Stale Hibernate Storage Info was skipped because of an unmet condition check (ConditionPathExists=/sys/firmware/efi/efivars/HibernateLocation-8cf2644b-4b0b-428f-9387-6d876050dc67).
[    2.582859] systemd[1]: systemd-journald.service: unit configures an IP firewall, but the local system does not support BPF/cgroup firewalling.
[    2.583267] systemd[1]: systemd-journald.service: (This warning is only shown for the first unit using IP firewalling.)
[    2.584126] systemd[1]: Starting Journal Service...
[    2.654025] systemd[1]: Load Kernel Modules was skipped because no trigger condition checks were met.
[    2.655322] systemd[1]: Starting Generate network units from Kernel command line...
[    2.656416] systemd[1]: Starting Userspace Out-Of-Memory (OOM) Killer...
[    2.657148] systemd[1]: Starting Apply Kernel Variables...
[    2.658552] systemd[1]: Starting Create Static Device Nodes in /dev gracefully...
[    2.659476] systemd[1]: Starting Load udev Rules from Credentials...
[    2.660628] systemd[1]: Starting Coldplug All udev Devices...
[    2.661586] systemd-journald[185]: Collecting audit messages is enabled.
[    2.663754] systemd[1]: Mounted Huge Pages File System.
[    2.664331] systemd[1]: Mounted POSIX Message Queue File System.
[    2.664926] systemd[1]: Mounted Kernel Debug File System.
[    2.665723] systemd[1]: Mounted Kernel Trace File System.
[    2.666703] systemd[1]: modprobe@configfs.service: Deactivated successfully.
[    2.667395] systemd[1]: Finished Load Kernel Module configfs.
[    2.668556] systemd[1]: modprobe@dm_mod.service: Deactivated successfully.
[    2.668969] systemd[1]: Finished Load Kernel Module dm_mod.
[    2.670197] systemd[1]: modprobe@drm.service: Deactivated successfully.
[    2.670531] systemd[1]: Finished Load Kernel Module drm.
[    2.670882] systemd[1]: modprobe@efi_pstore.service: Deactivated successfully.
[    2.671070] systemd[1]: Finished Load Kernel Module efi_pstore.
[    2.671375] systemd[1]: Started Journal Service.
[    2.682411] systemd-sysctl (190) used greatest stack depth: 12360 bytes left
[    3.101252] EXT4-fs (sda3): re-mounted ca828d8a-c359-4525-949f-7d36c6674ce3 r/w.
[    3.182440] systemd-journald[185]: Received client request to flush runtime journal.
[    3.371154] journal-offline (246) used greatest stack depth: 12136 bytes left
[    3.477754] e1000 0000:00:03.0 enp0s3: renamed from eth0
[    3.487948] e1000: enp0s3 NIC Link is Up 1000 Mbps Full Duplex, Flow Control: RX
[    3.596875] Adding 4194300k swap on /dev/sda2.  Priority:-1 extents:1 across:4194300k 
[    4.133013] FAT-fs (sda1): Volume was not properly unmounted. Some data may be corrupt. Please run fsck.
